[0m01:41:35.916845 [debug] [MainThread]: Sending event: {'category': 'dbt', 'action': 'invocation', 'label': 'start', 'context': [<snowplow_tracker.self_describing_json.SelfDescribingJson object at 0x000001A652FB9400>, <snowplow_tracker.self_describing_json.SelfDescribingJson object at 0x000001A651E74410>, <snowplow_tracker.self_describing_json.SelfDescribingJson object at 0x000001A655407C50>]}


============================== 01:41:36.075762 | 4e326f35-9cc7-42fd-be23-0421a0639314 ==============================
[0m01:41:36.075762 [info ] [MainThread]: Running with dbt=1.11.2
[0m01:41:36.078284 [debug] [MainThread]: running dbt with arguments {'version_check': 'True', 'no_print': 'None', 'static_parser': 'True', 'target_path': 'None', 'warn_error_options': 'WarnErrorOptionsV2(error=[], warn=[], silence=[])', 'printer_width': '80', 'write_json': 'True', 'empty': 'None', 'log_cache_events': 'False', 'introspect': 'True', 'cache_selected_only': 'False', 'log_format': 'default', 'debug': 'False', 'fail_fast': 'False', 'partial_parse': 'True', 'send_anonymous_usage_stats': 'True', 'quiet': 'False', 'warn_error': 'None', 'profiles_dir': 'C:\\Users\\Akshat\\.dbt', 'invocation_command': 'dbt init', 'use_colors': 'True', 'indirect_selection': 'eager', 'use_experimental_parser': 'False', 'log_path': 'logs'}
[0m01:42:52.244158 [debug] [MainThread]: Starter project path: C:\Users\Akshat\airbnb_dbt_snowflake\.venv\Lib\site-packages\dbt\include\starter_project
[0m01:42:52.336553 [info ] [MainThread]: 
Your new dbt project "airbnb_dbt_project01" was created!

For more information on how to configure the profiles.yml file,
please consult the dbt documentation here:

  https://docs.getdbt.com/docs/configure-your-profile

One more thing:

Need help? Don't hesitate to reach out to us via GitHub issues or on Slack:

  https://community.getdbt.com/

Happy modeling!

[0m01:42:52.337872 [info ] [MainThread]: Setting up your profile.
[0m01:43:37.783314 [debug] [MainThread]: Snowflake adapter: Setting snowflake.connector to ERROR (file logging only)
[0m01:43:37.784435 [debug] [MainThread]: Snowflake adapter: Setting botocore to ERROR (file logging only)
[0m01:43:37.785379 [debug] [MainThread]: Snowflake adapter: Setting boto3 to ERROR (file logging only)
[0m01:48:46.687620 [info ] [MainThread]: Profile airbnb_dbt_project01 written to C:\Users\Akshat\.dbt\profiles.yml using target's profile_template.yml and your supplied values. Run 'dbt debug' to validate the connection.
[0m01:48:46.694572 [debug] [MainThread]: Command `dbt init` succeeded at 01:48:46.693784 after 431.38 seconds
[0m01:48:46.697201 [debug] [MainThread]: Sending event: {'category': 'dbt', 'action': 'invocation', 'label': 'end', 'context': [<snowplow_tracker.self_describing_json.SelfDescribingJson object at 0x000001A657795940>, <snowplow_tracker.self_describing_json.SelfDescribingJson object at 0x000001A6555117F0>, <snowplow_tracker.self_describing_json.SelfDescribingJson object at 0x000001A6577DDD00>]}
[0m01:48:46.698766 [debug] [MainThread]: Flushing usage events
[0m01:48:49.325348 [debug] [MainThread]: An error was encountered while trying to flush usage events
[0m12:50:16.814082 [debug] [MainThread]: Sending event: {'category': 'dbt', 'action': 'invocation', 'label': 'start', 'context': [<snowplow_tracker.self_describing_json.SelfDescribingJson object at 0x000002505E75D010>, <snowplow_tracker.self_describing_json.SelfDescribingJson object at 0x000002505F8C7ED0>, <snowplow_tracker.self_describing_json.SelfDescribingJson object at 0x000002505F8C7B10>]}


============================== 12:50:16.830173 | e1573de7-e57d-402a-809a-1b504ce3ff89 ==============================
[0m12:50:16.830173 [info ] [MainThread]: Running with dbt=1.11.2
[0m12:50:16.833165 [debug] [MainThread]: running dbt with arguments {'version_check': 'True', 'no_print': 'None', 'static_parser': 'True', 'warn_error_options': 'WarnErrorOptionsV2(error=[], warn=[], silence=[])', 'target_path': 'None', 'printer_width': '80', 'write_json': 'True', 'introspect': 'True', 'log_cache_events': 'False', 'empty': 'False', 'cache_selected_only': 'False', 'fail_fast': 'False', 'debug': 'False', 'log_format': 'default', 'profiles_dir': 'C:\\Users\\Akshat\\.dbt', 'send_anonymous_usage_stats': 'True', 'quiet': 'False', 'warn_error': 'None', 'partial_parse': 'True', 'use_colors': 'True', 'invocation_command': 'dbt run', 'indirect_selection': 'eager', 'use_experimental_parser': 'False', 'log_path': 'logs'}
[0m12:50:16.835880 [error] [MainThread]: Encountered an error:
Runtime Error
  No dbt_project.yml found at expected path C:\Users\Akshat\airbnb_dbt_snowflake\dbt_project.yml
  Verify that each entry within packages.yml (and their transitive dependencies) contains a file named dbt_project.yml
  
[0m12:50:16.840758 [debug] [MainThread]: Command `dbt run` failed at 12:50:16.840067 after 0.79 seconds
[0m12:50:16.843374 [debug] [MainThread]: Sending event: {'category': 'dbt', 'action': 'invocation', 'label': 'end', 'context': [<snowplow_tracker.self_describing_json.SelfDescribingJson object at 0x000002505F8B68B0>, <snowplow_tracker.self_describing_json.SelfDescribingJson object at 0x000002505F8F2210>, <snowplow_tracker.self_describing_json.SelfDescribingJson object at 0x000002505F72F350>]}
[0m12:50:16.845834 [debug] [MainThread]: Flushing usage events
[0m12:50:19.570885 [debug] [MainThread]: An error was encountered while trying to flush usage events
[0m13:14:04.924541 [debug] [MainThread]: Sending event: {'category': 'dbt', 'action': 'invocation', 'label': 'start', 'context': [<snowplow_tracker.self_describing_json.SelfDescribingJson object at 0x0000019607BFD010>, <snowplow_tracker.self_describing_json.SelfDescribingJson object at 0x0000019608D67ED0>, <snowplow_tracker.self_describing_json.SelfDescribingJson object at 0x0000019608D67B10>]}


============================== 13:14:04.941927 | f3f150de-e31a-4315-8281-1a74381e3998 ==============================
[0m13:14:04.941927 [info ] [MainThread]: Running with dbt=1.11.2
[0m13:14:04.944216 [debug] [MainThread]: running dbt with arguments {'static_parser': 'True', 'no_print': 'None', 'version_check': 'True', 'warn_error_options': 'WarnErrorOptionsV2(error=[], warn=[], silence=[])', 'target_path': 'None', 'printer_width': '80', 'write_json': 'True', 'empty': 'False', 'log_cache_events': 'False', 'introspect': 'True', 'cache_selected_only': 'False', 'log_format': 'default', 'debug': 'False', 'fail_fast': 'False', 'partial_parse': 'True', 'send_anonymous_usage_stats': 'True', 'quiet': 'False', 'warn_error': 'None', 'profiles_dir': 'C:\\Users\\Akshat\\.dbt', 'indirect_selection': 'eager', 'invocation_command': 'dbt run', 'use_colors': 'True', 'use_experimental_parser': 'False', 'log_path': 'logs'}
[0m13:14:04.946336 [error] [MainThread]: Encountered an error:
Runtime Error
  No dbt_project.yml found at expected path C:\Users\Akshat\airbnb_dbt_snowflake\dbt_project.yml
  Verify that each entry within packages.yml (and their transitive dependencies) contains a file named dbt_project.yml
  
[0m13:14:04.950789 [debug] [MainThread]: Command `dbt run` failed at 13:14:04.950331 after 0.53 seconds
[0m13:14:04.952162 [debug] [MainThread]: Sending event: {'category': 'dbt', 'action': 'invocation', 'label': 'end', 'context': [<snowplow_tracker.self_describing_json.SelfDescribingJson object at 0x0000019608D568B0>, <snowplow_tracker.self_describing_json.SelfDescribingJson object at 0x0000019608D92210>, <snowplow_tracker.self_describing_json.SelfDescribingJson object at 0x0000019608BCB350>]}
[0m13:14:04.953459 [debug] [MainThread]: Flushing usage events
[0m13:14:06.949975 [debug] [MainThread]: An error was encountered while trying to flush usage events
